// Jest Snapshot v1, https://goo.gl/fbAQLP

exports[`renders a user 1`] = `
<div
  className="Card vertical User"
>
  <div
    className="row"
  >
    <i
      className="Icon far fa-user m primary"
    />
    <div
      className="main-info"
    >
      <h3>
        Leanne Graham
      </h3>
      <span>
        Sincere@april.biz
      </span>
      <span>
        Bret
      </span>
    </div>
    <i
      className="Icon fas fa-angle-down m primary"
      onClick={[Function]}
    />
  </div>
  
</div>
`;
