// Jest Snapshot v1, https://goo.gl/fbAQLP

exports[`renders multiple children 1`] = `
<button
  className="Button"
>
  <h1>
    Testing with multiple children
  </h1>
  A short paragraph
</button>
`;

exports[`renders with extra classes 1`] = `
<button
  className="Button an array of classes"
/>
`;
